// Jest Snapshot v1, https://goo.gl/fbAQLP

exports[`<LoginForm/> snapshot 1`] = `
<Fragment>
  <div
    className="loading-black"
  />
</Fragment>
`;
