// Jest Snapshot v1, https://goo.gl/fbAQLP

exports[`<Footer/> renders without crashing 1`] = `
<footer>
  Created by Daniel Sottile || © May 2020 || Pokémon is © 1995-2020 Nintendo
</footer>
`;
