// Jest Snapshot v1, https://goo.gl/fbAQLP

exports[`<TeamsButtonListEdit/> snapshot 1`] = `
<Fragment>
  <section
    className="folders-list"
  >
    <div>
      <h4>
        Click a Folder to add Teams!
      </h4>
    </div>
    <h3>
      Teams:
    </h3>
  </section>
</Fragment>
`;
