// Jest Snapshot v1, https://goo.gl/fbAQLP

exports[`<TeamPublicShare> snapshot 1`] = `
<Fragment>
  <h3>
    <i
      className="fas fa-folder"
    />
     
  </h3>
  <TeamListPublicShare />
</Fragment>
`;
