// Jest Snapshot v1, https://goo.gl/fbAQLP

exports[`<TeamButton/> snapshot 1`] = `
<a
  className="btn"
  href="#undefined"
  onClick={[Function]}
>
  <i
    className="fas fa-layer-group"
  />
   
</a>
`;
