// Jest Snapshot v1, https://goo.gl/fbAQLP

exports[`<SearchBarPublic/> renders without crashing 1`] = `<SearchBar />`;
