// Jest Snapshot v1, https://goo.gl/fbAQLP

exports[`<TeamPublicShare> snapshot 1`] = `
<Fragment>
  <section
    className="team-section"
    id="undefined"
  >
    <div
      className="team-closed"
      onClick={[Function]}
    >
      <div>
        <h3>
          test
        </h3>
      </div>
      <div>
        <p>
          By 
        </p>
        <p>
          Created on:
           
          Invalid Date
        </p>
      </div>
    </div>
  </section>
</Fragment>
`;
