// Jest Snapshot v1, https://goo.gl/fbAQLP

exports[`<LoginForm/> snapshot 1`] = `
<button
  className="btn"
  onClick={[Function]}
>
  <i
    className="fas fa-folder"
  />
   
</button>
`;
