// Jest Snapshot v1, https://goo.gl/fbAQLP

exports[`<SetEdit/> renders without crashing 1`] = `<Set />`;
