// Jest Snapshot v1, https://goo.gl/fbAQLP

exports[`<FolderList/> renders without crashing 1`] = `<FoldersList />`;
