// Jest Snapshot v1, https://goo.gl/fbAQLP

exports[`<LoginForm/> snapshot 1`] = `
<div
  className="lazy-loader"
>
  <PokeballLoader />
  <LoadingBlack />
</div>
`;
